........................................................................ [  2%]
........................................................................ [  4%]
........................................................................ [  6%]
........................................................................ [  9%]
........................................................................ [ 11%]
........................................................................ [ 13%]
........................................................................ [ 16%]
....F................................................................... [ 18%]
........................................................................ [ 20%]
........................................................................ [ 22%]
........................................................................ [ 25%]
........................................................................ [ 27%]
........................................................................ [ 29%]
........................................................................ [ 32%]
........................................................................ [ 34%]
........................................................................ [ 36%]
........................................................................ [ 39%]
........................................................................ [ 41%]
........................................................................ [ 43%]
........................................................................ [ 45%]
........................................................................ [ 48%]
........................................................................ [ 50%]
........................................................................ [ 52%]
........................................................................ [ 55%]
........................................................................ [ 57%]
........................................................................ [ 59%]
........................................................................ [ 62%]
........................................................................ [ 64%]
........................................................................ [ 66%]
........................................................................ [ 68%]
........................................................................ [ 71%]
........................................................................ [ 73%]
........................................................................ [ 75%]
........................................................................ [ 78%]
........................................................................ [ 80%]
........................................................................ [ 82%]
........................................................................ [ 85%]
........................................................................ [ 87%]
........................................................................ [ 89%]
........................................................................ [ 91%]
........................................................................ [ 94%]
........................................................................ [ 96%]
........................................................................ [ 98%]
....................................                                     [100%]
=================================== FAILURES ===================================
_________ test_current_tree_financial_effect_inventory_is_fully_fenced _________
tests/test_corrective_financial_effect_registry.py:115: in test_current_tree_financial_effect_inventory_is_fully_fenced
    assert len(rows) == 19
E   AssertionError: assert 17 == 19
E    +  where 17 = len([{'surface_id': 'financialsurface_99f6d511d863a4e98992', 'source_path': 'src/quant_platform/dydx_sdk_order_adapter.py'...stnet.py', 'source_sha256': '4554e98b38ef870106e4b9c354b7f64766635f2933a632c399292b761572555f', 'line': 292, ...}, ...])
=========================== short test summary info ============================
FAILED tests/test_corrective_financial_effect_registry.py::test_current_tree_financial_effect_inventory_is_fully_fenced
1 failed, 3131 passed in 235.78s (0:03:55)
